[7oroof.com/demos/solatec/index.html]
[7oroof.com/demos/solatec/assets/images/favicon/favicon.png]
[backblue.gif]
[fade.gif]
[index.html]
[use.fontawesome.com/releases/v5.15.3/css/all.css]
[7oroof.com/demos/solatec/assets/css/libraries.css]
[7oroof.com/demos/solatec/assets/css/style.css]
[7oroof.com/demos/solatec/contact-us.html]
[7oroof.com/demos/solatec/assets/images/flags/en.png]
[7oroof.com/demos/solatec/assets/images/flags/fr.png]
[7oroof.com/demos/solatec/assets/images/flags/gr.png]
[7oroof.com/demos/solatec/index-2.html]
[7oroof.com/demos/solatec/assets/images/logo/logo.png]
[7oroof.com/demos/solatec/home-modern.html]
[7oroof.com/demos/solatec/home-classic.html]
[7oroof.com/demos/solatec/about-us.html]
[7oroof.com/demos/solatec/how-it-works.html]
[7oroof.com/demos/solatec/team.html]
[7oroof.com/demos/solatec/awards.html]
[7oroof.com/demos/solatec/pricing.html]
[7oroof.com/demos/solatec/faqs.html]
[7oroof.com/demos/solatec/gallery.html]
[7oroof.com/demos/solatec/careers.html]
[7oroof.com/demos/solatec/shop.html]
[7oroof.com/demos/solatec/services.html]
[7oroof.com/demos/solatec/services-single-service.html]
[7oroof.com/demos/solatec/projects-grid.html]
[7oroof.com/demos/solatec/projects-standard.html]
[7oroof.com/demos/solatec/projects-modern.html]
[7oroof.com/demos/solatec/projects-single-project.html]
[7oroof.com/demos/solatec/blog.html]
[7oroof.com/demos/solatec/blog-single-post.html]
[7oroof.com/demos/solatec/assets/images/products/1.jpg]
[7oroof.com/demos/solatec/shop-single.html]
[7oroof.com/demos/solatec/assets/images/products/2.jpg]
[7oroof.com/demos/solatec/cart.html]
[7oroof.com/demos/solatec/request-quote.html]
[7oroof.com/demos/solatec/assets/images/sliders/1.jpg]
[7oroof.com/demos/solatec/assets/images/sliders/2.jpg]
[7oroof.com/demos/solatec/assets/images/about/1.jpg]
[7oroof.com/demos/solatec/assets/images/video/1.jpg]
[7oroof.com/demos/solatec/assets/images/about/singnture.png]
[7oroof.com/demos/solatec/assets/images/backgrounds/5.jpg]
[7oroof.com/demos/solatec/assets/images/services/1.jpg]
[7oroof.com/demos/solatec/assets/images/services/2.jpg]
[7oroof.com/demos/solatec/assets/images/services/3.jpg]
[7oroof.com/demos/solatec/assets/images/services/4.jpg]
[7oroof.com/demos/solatec/assets/images/services/5.jpg]
[7oroof.com/demos/solatec/assets/images/services/6.jpg]
[7oroof.com/demos/solatec/assets/images/portfolio/grid/1.jpg]
[7oroof.com/demos/solatec/assets/images/portfolio/grid/2.jpg]
[7oroof.com/demos/solatec/assets/images/portfolio/grid/3.jpg]
[7oroof.com/demos/solatec/assets/images/portfolio/grid/4.jpg]
[7oroof.com/demos/solatec/assets/images/portfolio/grid/5.jpg]
[7oroof.com/demos/solatec/assets/images/portfolio/grid/6.jpg]
[7oroof.com/demos/solatec/assets/images/backgrounds/map2.png]
[7oroof.com/demos/solatec/assets/images/testimonials/thumbs/1.png]
[7oroof.com/demos/solatec/assets/images/testimonials/thumbs/2.png]
[7oroof.com/demos/solatec/assets/images/testimonials/thumbs/3.png]
[7oroof.com/demos/solatec/assets/images/testimonials/thumbs/4.png]
[7oroof.com/demos/solatec/assets/images/testimonials/thumbs/5.png]
[7oroof.com/demos/solatec/assets/images/banners/2.jpg]
[7oroof.com/demos/solatec/assets/images/clients/1.png]
[7oroof.com/demos/solatec/assets/images/clients/2.png]
[7oroof.com/demos/solatec/assets/images/clients/3.png]
[7oroof.com/demos/solatec/assets/images/clients/4.png]
[7oroof.com/demos/solatec/assets/images/clients/5.png]
[7oroof.com/demos/solatec/assets/images/clients/6.png]
[7oroof.com/demos/solatec/assets/images/blog/grid/1.jpg]
[7oroof.com/demos/solatec/assets/images/blog/grid/2.jpg]
[7oroof.com/demos/solatec/assets/images/blog/grid/3.jpg]
[7oroof.com/demos/solatec/leadership-team.html]
[7oroof.com/demos/solatec/contacs.html]
[7oroof.com/cdn-cgi/scripts/5c5dd728/cloudflare-static/email-decode.min.js]
[7oroof.com/demos/solatec/assets/js/jquery-3.5.1.min.js]
[7oroof.com/demos/solatec/assets/js/plugins.js]
[7oroof.com/demos/solatec/index.html]
[use.fontawesome.com/releases/v5.15.3/css/all.css]
[7oroof.com/demos/solatec/assets/js/main.js]
[7oroof.com/demos/solatec/assets/css/images/ui-icons_444444_256x240.png]
[7oroof.com/demos/solatec/assets/css/images/ui-icons_555555_256x240.png]
[7oroof.com/demos/solatec/assets/css/images/ui-icons_ffffff_256x240.png]
[7oroof.com/demos/solatec/assets/css/images/ui-icons_777620_256x240.png]
[7oroof.com/demos/solatec/assets/css/images/ui-icons_cc0000_256x240.png]
[7oroof.com/demos/solatec/assets/css/images/ui-icons_777777_256x240.png]
[7oroof.com/demos/solatec/assets/fonts/icomoon437f.eot]
[7oroof.com/demos/solatec/assets/fonts/icomoon437f.ttf]
[7oroof.com/demos/solatec/assets/fonts/icomoon437f.woff]
[7oroof.com/demos/solatec/assets/css/libraries.css]
[7oroof.com/demos/solatec/assets/css/style.css]
[7oroof.com/demos/solatec/contact-us.html]
[7oroof.com/demos/solatec/index-2.html]
[7oroof.com/demos/solatec/assets/fonts/icomoon437f.svg]
[7oroof.com/demos/solatec/assets/images/sliders/5.jpg]
[7oroof.com/demos/solatec/assets/images/sliders/6.jpg]
[7oroof.com/demos/solatec/assets/images/backgrounds/map4.png]
[7oroof.com/demos/solatec/assets/images/banners/11.png]
[7oroof.com/demos/solatec/assets/images/banners/10.jpg]
[7oroof.com/demos/solatec/assets/images/banners/12.jpg]
[7oroof.com/demos/solatec/assets/images/backgrounds/4.jpg]
[7oroof.com/demos/solatec/assets/images/banners/6.jpg]
[7oroof.com/demos/solatec/home-modern.html]
[7oroof.com/demos/solatec/assets/images/sliders/3.jpg]
[7oroof.com/demos/solatec/assets/images/sliders/4.jpg]
[7oroof.com/demos/solatec/assets/images/banners/9.jpg]
[7oroof.com/demos/solatec/assets/images/backgrounds/3.jpg]
[7oroof.com/demos/solatec/assets/images/banners/1.png]
[7oroof.com/demos/solatec/assets/images/banners/5.jpg]
[7oroof.com/demos/solatec/assets/images/backgrounds/map3.png]
[7oroof.com/demos/solatec/home-classic.html]
[7oroof.com/demos/solatec/assets/images/page-titles/1.jpg]
[7oroof.com/demos/solatec/about-us.html]
[7oroof.com/demos/solatec/assets/images/page-titles/2.jpg]
[7oroof.com/demos/solatec/how-it-works.html]
[7oroof.com/demos/solatec/assets/images/page-titles/3.jpg]
[7oroof.com/demos/solatec/assets/images/team/1.jpg]
[7oroof.com/demos/solatec/assets/images/team/2.jpg]
[7oroof.com/demos/solatec/assets/images/team/3.jpg]
[7oroof.com/demos/solatec/assets/images/team/4.jpg]
[7oroof.com/demos/solatec/assets/images/team/5.jpg]
[7oroof.com/demos/solatec/assets/images/team/6.jpg]
[7oroof.com/demos/solatec/assets/images/team/7.jpg]
[7oroof.com/demos/solatec/team.html]
[7oroof.com/demos/solatec/assets/images/page-titles/4.jpg]
[7oroof.com/demos/solatec/assets/images/awards/1.jpg]
[7oroof.com/demos/solatec/assets/images/awards/2.jpg]
[7oroof.com/demos/solatec/assets/images/awards/3.jpg]
[7oroof.com/demos/solatec/assets/images/awards/4.jpg]
[7oroof.com/demos/solatec/assets/images/awards/5.jpg]
[7oroof.com/demos/solatec/assets/images/awards/6.jpg]
[7oroof.com/demos/solatec/awards.html]
[7oroof.com/demos/solatec/assets/images/page-titles/5.jpg]
[7oroof.com/demos/solatec/pricing.html]
[7oroof.com/demos/solatec/assets/images/page-titles/6.jpg]
[7oroof.com/demos/solatec/faqs.html]
[7oroof.com/demos/solatec/assets/images/page-titles/7.jpg]
[7oroof.com/demos/solatec/assets/images/gallery/1.jpg]
[7oroof.com/demos/solatec/assets/images/gallery/2.jpg]
[7oroof.com/demos/solatec/assets/images/gallery/3.jpg]
[7oroof.com/demos/solatec/assets/images/gallery/4.jpg]
[7oroof.com/demos/solatec/assets/images/gallery/5.jpg]
[7oroof.com/demos/solatec/assets/images/gallery/6.jpg]
[7oroof.com/demos/solatec/gallery.html]
[7oroof.com/demos/solatec/assets/images/page-titles/8.jpg]
[7oroof.com/demos/solatec/careers.html]
[7oroof.com/demos/solatec/assets/images/page-titles/9.jpg]
[7oroof.com/demos/solatec/shop-single-product.html]
[7oroof.com/demos/solatec/assets/images/products/3.jpg]
[7oroof.com/demos/solatec/assets/images/products/4.jpg]
[7oroof.com/demos/solatec/assets/images/products/5.jpg]
[7oroof.com/demos/solatec/assets/images/products/6.jpg]
[7oroof.com/demos/solatec/assets/images/products/7.jpg]
[7oroof.com/demos/solatec/assets/images/products/8.jpg]
[7oroof.com/demos/solatec/assets/images/products/9.jpg]
[7oroof.com/demos/solatec/shop.html]
[7oroof.com/demos/solatec/assets/images/page-titles/12.jpg]
[7oroof.com/demos/solatec/services.html]
[7oroof.com/demos/solatec/assets/images/page-titles/13.jpg]
[7oroof.com/demos/solatec/assets/images/banners/7.jpg]
[7oroof.com/demos/solatec/assets/images/icons/pdf.png]
[7oroof.com/demos/solatec/assets/images/charts/1.png]
[7oroof.com/demos/solatec/assets/images/banners/8.jpg]
[7oroof.com/demos/solatec/services-single-service.html]
[7oroof.com/demos/solatec/assets/images/page-titles/10.jpg]
[7oroof.com/demos/solatec/projects-grid.html]
[7oroof.com/demos/solatec/projects-standard.html]
[7oroof.com/demos/solatec/projects-modern.html]
[7oroof.com/demos/solatec/assets/images/portfolio/single/1.jpg]
[7oroof.com/demos/solatec/projects-single-project.html]
[7oroof.com/demos/solatec/assets/images/page-titles/11.jpg]
[7oroof.com/demos/solatec/assets/images/blog/grid/4.jpg]
[7oroof.com/demos/solatec/assets/images/blog/grid/5.jpg]
[7oroof.com/demos/solatec/assets/images/blog/grid/6.jpg]
[7oroof.com/demos/solatec/blog.html]
[7oroof.com/demos/solatec/assets/images/blog/author/1.jpg]
[7oroof.com/demos/solatec/assets/images/blog/author/2.png]
[7oroof.com/demos/solatec/assets/images/blog/author/3.png]
[7oroof.com/demos/solatec/blog-single-post.html]
[7oroof.com/demos/solatec/shop-single.html]
[7oroof.com/demos/solatec/cart.html]
[7oroof.com/demos/solatec/assets/images/page-titles/14.jpg]
[7oroof.com/demos/solatec/request-quote.html]
[7oroof.com/demos/solatec/leadership-team.html]
[7oroof.com/demos/solatec/contacs.html]
[7oroof.com/demos/solatec/assets/css/images/ui-icons_444444_256x240.html]
[7oroof.com/demos/solatec/assets/css/images/ui-icons_555555_256x240.html]
[7oroof.com/demos/solatec/assets/css/images/ui-icons_ffffff_256x240.html]
[7oroof.com/demos/solatec/assets/css/images/ui-icons_777620_256x240.html]
[7oroof.com/demos/solatec/assets/css/images/ui-icons_cc0000_256x240.html]
[7oroof.com/demos/solatec/assets/css/images/ui-icons_777777_256x240.html]
[7oroof.com/demos/solatec/assets/fonts/icomoon437f.svg]
[7oroof.com/demos/solatec/shop-single-product.html]
